// Jest Snapshot v1, https://goo.gl/fbAQLP

exports[`Data table component Renders data table component 1`] = `
<Fragment>
  <GridHeader
    columnVisibility={Array []}
    columnVisiblityHandler={[Function]}
    columns={
      Array [
        Object {
          "colId": "count()",
          "columnsMenuParams": Object {
            "suppressColumnExpandAll": true,
            "suppressColumnFilter": true,
            "suppressColumnSelectAll": true,
          },
          "field": "count()",
          "headerName": "count()",
          "id": "count()",
          "lockVisible": true,
        },
        Object {
          "colId": "tags",
          "columnsMenuParams": Object {
            "suppressColumnExpandAll": true,
            "suppressColumnFilter": true,
            "suppressColumnSelectAll": true,
          },
          "field": "tags",
          "headerName": "tags",
          "id": "tags",
          "lockVisible": true,
        },
      ]
    }
    isFullScreen={false}
    selectDensityHandler={[Function]}
    selectedRowDensity={
      Object {
        "height": 40,
        "icon": "tableDensityNormal",
        "selected": true,
      }
    }
    setIsFullScreenHandler={[Function]}
  />
  <AgGridReact
    animateRows={true}
    columnDefs={
      Array [
        Object {
          "colId": "count()",
          "columnsMenuParams": Object {
            "suppressColumnExpandAll": true,
            "suppressColumnFilter": true,
            "suppressColumnSelectAll": true,
          },
          "field": "count()",
          "headerName": "count()",
          "id": "count()",
          "lockVisible": true,
        },
        Object {
          "colId": "tags",
          "columnsMenuParams": Object {
            "suppressColumnExpandAll": true,
            "suppressColumnFilter": true,
            "suppressColumnSelectAll": true,
          },
          "field": "tags",
          "headerName": "tags",
          "id": "tags",
          "lockVisible": true,
        },
      ]
    }
    defaultColDef={
      Object {
        "filter": true,
        "flex": 1,
        "minWidth": 100,
        "resizable": true,
        "sortable": true,
        "suppressMenu": true,
      }
    }
    domLayout="autoHeight"
    pagination={true}
    paginationPageSize={10}
    rowData={
      Array [
        Object {
          "count()": 154,
          "tags": "error",
        },
        Object {
          "count()": 1753,
          "tags": "info",
        },
        Object {
          "count()": 116,
          "tags": "login",
        },
        Object {
          "count()": 468,
          "tags": "security",
        },
        Object {
          "count()": 1964,
          "tags": "success",
        },
        Object {
          "count()": 219,
          "tags": "warning",
        },
      ]
    }
    rowHeight={40}
    suppressPaginationPanel={true}
  />
  <GridFooter
    activePage={0}
    goToPage={[Function]}
    onPageSizeChanged={[Function]}
    pageCount={1}
    pageSize={10}
  />
</Fragment>
`;
