// Jest Snapshot v1, https://goo.gl/fbAQLP

exports[`Heatmap component Renders heatmap component 1`] = `
<HeatMap
  config={Object {}}
  layout={
    Object {
      "colorway": Array [
        "#8C55A3",
      ],
      "height": 220,
      "margin": Object {
        "b": 15,
        "l": 60,
        "pad": 0,
        "r": 10,
        "t": 30,
      },
      "showlegend": true,
    }
  }
  visualizations={
    Object {
      "data": Object {
        "appData": Object {
          "fromApp": false,
        },
        "defaultAxes": Object {
          "xaxis": Array [
            Object {
              "label": "tags",
              "name": "tags",
              "type": "text",
            },
          ],
          "yaxis": Array [
            Object {
              "label": "max(bytes)",
              "name": "max(bytes)",
              "type": "long",
            },
            Object {
              "label": "host",
              "name": "host",
              "type": "text",
            },
          ],
        },
        "indexFields": Object {
          "availableFields": Array [
            Object {
              "name": "agent",
              "type": "string",
            },
            Object {
              "name": "bytes",
              "type": "long",
            },
            Object {
              "name": "clientip",
              "type": "ip",
            },
            Object {
              "name": "event",
              "type": "struct",
            },
            Object {
              "name": "extension",
              "type": "string",
            },
            Object {
              "name": "geo",
              "type": "struct",
            },
            Object {
              "name": "host",
              "type": "string",
            },
            Object {
              "name": "index",
              "type": "string",
            },
            Object {
              "name": "ip",
              "type": "ip",
            },
            Object {
              "name": "machine",
              "type": "struct",
            },
            Object {
              "name": "memory",
              "type": "double",
            },
            Object {
              "name": "message",
              "type": "string",
            },
            Object {
              "name": "phpmemory",
              "type": "long",
            },
            Object {
              "name": "referer",
              "type": "string",
            },
            Object {
              "name": "request",
              "type": "string",
            },
            Object {
              "name": "response",
              "type": "string",
            },
            Object {
              "name": "tags",
              "type": "string",
            },
            Object {
              "name": "timestamp",
              "type": "timestamp",
            },
            Object {
              "name": "url",
              "type": "string",
            },
            Object {
              "name": "utc_time",
              "type": "timestamp",
            },
          ],
          "queriedFields": Array [
            Object {
              "name": "double_per_ip_bytes",
              "type": "long",
            },
            Object {
              "name": "host",
              "type": "text",
            },
            Object {
              "name": "ip_count",
              "type": "integer",
            },
            Object {
              "name": "per_ip_bytes",
              "type": "long",
            },
            Object {
              "name": "resp_code",
              "type": "text",
            },
            Object {
              "name": "sum_bytes",
              "type": "long",
            },
          ],
          "selectedFields": Array [],
          "unselectedFields": Array [],
        },
        "query": Object {},
        "rawVizData": Object {
          "data": Object {
            "host": Array [
              "artifacts.opensearch.org",
              "artifacts.opensearch.org",
              "artifacts.opensearch.org",
              "artifacts.opensearch.org",
              "artifacts.opensearch.org",
              "artifacts.opensearch.org",
              "cdn.opensearch-opensearch-opensearch.org",
              "cdn.opensearch-opensearch-opensearch.org",
              "cdn.opensearch-opensearch-opensearch.org",
              "cdn.opensearch-opensearch-opensearch.org",
            ],
            "max(bytes)": Array [
              19897,
              19904,
              19929,
              19856,
              19904,
              19929,
              9947,
              9998,
              9717,
              9973,
            ],
            "tags": Array [
              "error",
              "info",
              "login",
              "security",
              "success",
              "warning",
              "error",
              "info",
              "login",
              "security",
            ],
          },
          "jsonData": Array [
            Object {
              "host": "artifacts.opensearch.org",
              "max(bytes)": 19897,
              "tags": "error",
            },
            Object {
              "host": "artifacts.opensearch.org",
              "max(bytes)": 19904,
              "tags": "info",
            },
            Object {
              "host": "artifacts.opensearch.org",
              "max(bytes)": 19929,
              "tags": "login",
            },
            Object {
              "host": "artifacts.opensearch.org",
              "max(bytes)": 19856,
              "tags": "security",
            },
            Object {
              "host": "artifacts.opensearch.org",
              "max(bytes)": 19904,
              "tags": "success",
            },
            Object {
              "host": "artifacts.opensearch.org",
              "max(bytes)": 19929,
              "tags": "warning",
            },
            Object {
              "host": "cdn.opensearch-opensearch-opensearch.org",
              "max(bytes)": 9947,
              "tags": "error",
            },
            Object {
              "host": "cdn.opensearch-opensearch-opensearch.org",
              "max(bytes)": 9998,
              "tags": "info",
            },
            Object {
              "host": "cdn.opensearch-opensearch-opensearch.org",
              "max(bytes)": 9717,
              "tags": "login",
            },
            Object {
              "host": "cdn.opensearch-opensearch-opensearch.org",
              "max(bytes)": 9973,
              "tags": "security",
            },
          ],
          "metadata": Object {
            "fields": Array [
              Object {
                "name": "max(bytes)",
                "type": "long",
              },
              Object {
                "name": "host",
                "type": "text",
              },
              Object {
                "name": "tags",
                "type": "text",
              },
            ],
          },
          "size": 10,
          "status": 200,
        },
        "userConfigs": Object {
          "dataConfig": Object {
            "chartStyles": Object {
              "color": Object {
                "color": "#6092C0",
                "name": "singleColor",
              },
              "colorMode": Array [
                Object {
                  "label": "opacity",
                  "name": "opacity",
                  "value": "opacity",
                },
              ],
              "fillOpacity": "71",
              "interpolation": "linear",
              "labelSize": "10",
              "lineWidth": "4",
              "pointSize": "12",
              "rotateLabels": "36",
              "style": "lines",
            },
          },
          "dimensions": Array [
            Object {
              "label": "tags",
              "name": "tags",
              "type": "text",
            },
          ],
          "metrics": Array [
            Object {
              "label": "count()",
              "name": "count()",
              "side": "left",
              "type": "integer",
            },
          ],
        },
      },
      "vis": Object {
        "category": "Visualizations",
        "component": [Function],
        "editorconfig": Object {
          "panelTabs": Array [
            Object {
              "editor": [Function],
              "id": "data-panel",
              "mapTo": "dataConfig",
              "name": "Style",
              "sections": Array [
                Object {
                  "editor": [Function],
                  "id": "tooltip_options",
                  "mapTo": "tooltipOptions",
                  "name": "Tooltip options",
                  "schemas": Array [
                    Object {
                      "component": null,
                      "mapTo": "tooltipMode",
                      "name": "Tooltip mode",
                      "props": Object {
                        "defaultSelections": Array [
                          Object {
                            "id": "show",
                            "name": "Show",
                          },
                        ],
                        "options": Array [
                          Object {
                            "id": "show",
                            "name": "Show",
                          },
                          Object {
                            "id": "hidden",
                            "name": "Hidden",
                          },
                        ],
                      },
                    },
                    Object {
                      "component": null,
                      "mapTo": "tooltipText",
                      "name": "Tooltip text",
                      "props": Object {
                        "defaultSelections": Array [
                          Object {
                            "id": "all",
                            "name": "All",
                          },
                        ],
                        "options": Array [
                          Object {
                            "id": "all",
                            "name": "All",
                          },
                          Object {
                            "id": "x",
                            "name": "Dim 1",
                          },
                          Object {
                            "id": "y",
                            "name": "Dim 2",
                          },
                          Object {
                            "id": "z",
                            "name": "Metrics",
                          },
                        ],
                      },
                    },
                  ],
                },
                Object {
                  "editor": [Function],
                  "id": "legend",
                  "mapTo": "legend",
                  "name": "Legend",
                  "schemas": Array [
                    Object {
                      "component": null,
                      "mapTo": "showLegend",
                      "name": "Show colorscale",
                      "props": Object {
                        "defaultSelections": Array [
                          Object {
                            "id": "show",
                            "name": "Show",
                          },
                        ],
                        "options": Array [
                          Object {
                            "id": "show",
                            "name": "Show",
                          },
                          Object {
                            "id": "hidden",
                            "name": "Hidden",
                          },
                        ],
                      },
                    },
                  ],
                },
                Object {
                  "editor": [Function],
                  "id": "chart_styles",
                  "mapTo": "chartStyles",
                  "name": "Chart styles",
                  "schemas": Array [
                    Object {
                      "component": [Function],
                      "defaultState": Array [
                        Object {
                          "label": "spectrum",
                          "name": "spectrum",
                          "value": "spectrum",
                        },
                      ],
                      "eleType": "list",
                      "isSingleSelection": true,
                      "mapTo": "colorMode",
                      "name": "Color mode",
                      "options": Array [
                        Object {
                          "label": "spectrum",
                          "name": "spectrum",
                          "value": "spectrum",
                        },
                        Object {
                          "label": "opacity",
                          "name": "opacity",
                          "value": "opacity",
                        },
                      ],
                      "props": Object {
                        "isClearable": false,
                      },
                    },
                    Object {
                      "component": [Function],
                      "defaultState": Object {
                        "color": "Reds",
                        "name": "Reds",
                      },
                      "eleType": "palettePicker",
                      "mapTo": "scheme",
                      "name": "Scheme",
                      "options": Array [
                        Object {
                          "palette": Array [
                            "#050aac",
                            "#161cb2",
                            "#2029ba",
                            "#2835c2",
                            "#303fca",
                            "#384ad3",
                            "#4054db",
                            "#495ee2",
                            "#5368e9",
                            "#5f72ed",
                            "#6b7df0",
                            "#7887f0",
                            "#8692f0",
                            "#939cee",
                            "#a0a6ec",
                            "#adb1ea",
                            "#b9bce7",
                            "#c5c6e3",
                            "#d1d1e0",
                            "#dcdcdc",
                          ],
                          "title": "Blues",
                          "type": "gradient",
                          "value": "Blues",
                        },
                        Object {
                          "palette": Array [
                            "#dcdcdc",
                            "#e8d0c1",
                            "#edc6ad",
                            "#efbb9c",
                            "#efb18e",
                            "#eea782",
                            "#eb9e77",
                            "#e9946d",
                            "#e68b64",
                            "#e2815c",
                            "#de7854",
                            "#da6e4c",
                            "#d56545",
                            "#d15b3e",
                            "#cc5138",
                            "#c74632",
                            "#c23b2c",
                            "#bd2f26",
                            "#b72021",
                            "#b20a1c",
                          ],
                          "title": "Reds",
                          "type": "gradient",
                          "value": "Reds",
                        },
                        Object {
                          "palette": Array [
                            "#00441b",
                            "#014e1f",
                            "#035825",
                            "#09622a",
                            "#116d31",
                            "#1b7738",
                            "#25823f",
                            "#308c48",
                            "#3c9650",
                            "#49a15a",
                            "#57ab64",
                            "#66b56f",
                            "#76bf7b",
                            "#86c888",
                            "#98d296",
                            "#aadba6",
                            "#bde4b8",
                            "#d0ecca",
                            "#e3f4df",
                            "#f7fcf5",
                          ],
                          "title": "Greens",
                          "type": "gradient",
                          "value": "Greens",
                        },
                        Object {
                          "palette": Array [
                            "#000000",
                            "#121212",
                            "#1d1d1d",
                            "#272727",
                            "#333333",
                            "#3e3e3e",
                            "#4a4a4a",
                            "#575757",
                            "#636363",
                            "#707070",
                            "#7e7e7e",
                            "#8b8b8b",
                            "#999999",
                            "#a7a7a7",
                            "#b5b5b5",
                            "#c3c3c3",
                            "#d2d2d2",
                            "#e1e1e1",
                            "#f0f0f0",
                            "#ffffff",
                          ],
                          "title": "Greys",
                          "type": "gradient",
                          "value": "Greys",
                        },
                        Object {
                          "palette": Array [
                            "#0000ff",
                            "#3e00f7",
                            "#5800ee",
                            "#6c00e4",
                            "#7c00db",
                            "#8a00d1",
                            "#9600c6",
                            "#a200bb",
                            "#ac00b0",
                            "#b600a4",
                            "#bf0098",
                            "#c8008b",
                            "#d0007e",
                            "#d80071",
                            "#df0062",
                            "#e60054",
                            "#ed0045",
                            "#f30034",
                            "#f90021",
                            "#ff0000",
                          ],
                          "title": "Blue-Red",
                          "type": "gradient",
                          "value": "Bluered",
                        },
                        Object {
                          "palette": Array [
                            "#050aac",
                            "#2522b6",
                            "#3835c0",
                            "#4946c8",
                            "#5957cf",
                            "#6967d4",
                            "#7978d7",
                            "#8a89d7",
                            "#9a9bd4",
                            "#acaccd",
                            "#df9b70",
                            "#dd8e62",
                            "#da8056",
                            "#d6734c",
                            "#d16542",
                            "#cb583a",
                            "#c54931",
                            "#bf3a2a",
                            "#b92723",
                            "#b20a1c",
                          ],
                          "title": "Red-Blue",
                          "type": "gradient",
                          "value": "RdBu",
                        },
                        Object {
                          "palette": Array [
                            "#800026",
                            "#910126",
                            "#a10526",
                            "#b10e26",
                            "#c01b26",
                            "#cd2926",
                            "#d83728",
                            "#e2472a",
                            "#ea572e",
                            "#f16732",
                            "#f67738",
                            "#fa8740",
                            "#fd9849",
                            "#ffa753",
                            "#ffb760",
                            "#ffc76f",
                            "#ffd681",
                            "#ffe496",
                            "#fff2af",
                            "#ffffcc",
                          ],
                          "title": "Yellow-Orange-Red",
                          "type": "gradient",
                          "value": "YlOrRd",
                        },
                        Object {
                          "palette": Array [
                            "#081d58",
                            "#11256a",
                            "#182f79",
                            "#1e3b86",
                            "#234791",
                            "#28539a",
                            "#2e60a2",
                            "#346da9",
                            "#3b7aaf",
                            "#4488b4",
                            "#4f95b7",
                            "#5ba2ba",
                            "#6aafbc",
                            "#7bbcbe",
                            "#8dc8bf",
                            "#a2d4c1",
                            "#b7e0c4",
                            "#ceebc9",
                            "#e6f5d0",
                            "#ffffd9",
                          ],
                          "title": "Yellow-Green-Blue",
                          "type": "gradient",
                          "value": "YlGnBu",
                        },
                      ],
                    },
                    Object {
                      "component": [Function],
                      "defaultState": Object {
                        "color": "#000000",
                        "name": "singleColor",
                      },
                      "eleType": "singleColorPicker",
                      "mapTo": "color",
                      "name": "Color",
                    },
                  ],
                },
              ],
            },
          ],
        },
        "fulllabel": "Hubble",
        "icon": [Function],
        "icontype": "heatmap",
        "id": "heatmap",
        "label": "Heatmap",
        "name": "heatmap",
        "selection": Object {
          "dataLoss": "nothing",
        },
        "type": "heatmap",
        "visconfig": Object {
          "config": Object {
            "displaylogo": false,
            "responsive": true,
          },
          "layout": Object {
            "height": 1180,
            "legend": Object {
              "orientation": "v",
              "traceorder": "normal",
            },
            "margin": Object {
              "left": 60,
            },
            "paper_bgcolor": "rgba(0, 0, 0, 0)",
            "plot_bgcolor": "rgba(0, 0, 0, 0)",
            "showlegend": true,
          },
        },
      },
    }
  }
>
  <EmptyPlaceholder
    icon="heatmap"
  >
    <EuiText
      className="lnsChart__empty"
      color="subdued"
      data-test-subj="vizWorkspace__noData"
      size="xs"
      textAlign="center"
    >
      <div
        className="euiText euiText--extraSmall lnsChart__empty"
        data-test-subj="vizWorkspace__noData"
      >
        <EuiTextAlign
          textAlign="center"
        >
          <div
            className="euiTextAlign euiTextAlign--center"
          >
            <EuiTextColor
              color="subdued"
              component="div"
            >
              <div
                className="euiTextColor euiTextColor--subdued"
              >
                <EuiIcon
                  color="subdued"
                  size="xxl"
                  type="heatmap"
                >
                  <EuiIconEmpty
                    aria-hidden={true}
                    className="euiIcon euiIcon--xxLarge euiIcon--subdued euiIcon-isLoading"
                    focusable="false"
                    role="img"
                    style={null}
                  >
                    <svg
                      aria-hidden={true}
                      className="euiIcon euiIcon--xxLarge euiIcon--subdued euiIcon-isLoading"
                      focusable="false"
                      height={16}
                      role="img"
                      style={null}
                      viewBox="0 0 16 16"
                      width={16}
                      xmlns="http://www.w3.org/2000/svg"
                    />
                  </EuiIconEmpty>
                </EuiIcon>
                <EuiSpacer
                  size="l"
                >
                  <div
                    className="euiSpacer euiSpacer--l"
                  />
                </EuiSpacer>
                <p>
                  <FormattedMessage
                    defaultMessage="No results found"
                    id="visualization_noData"
                    values={Object {}}
                  >
                    <span>
                      No results found
                    </span>
                  </FormattedMessage>
                </p>
              </div>
            </EuiTextColor>
          </div>
        </EuiTextAlign>
      </div>
    </EuiText>
  </EmptyPlaceholder>
</HeatMap>
`;
