// Jest Snapshot v1, https://goo.gl/fbAQLP

exports[`Line component Renders line component 1`] = `
<Line
  config={Object {}}
  layout={
    Object {
      "colorway": Array [
        "#8C55A3",
      ],
      "height": 220,
      "margin": Object {
        "b": 15,
        "l": 60,
        "pad": 0,
        "r": 10,
        "t": 30,
      },
      "showlegend": true,
    }
  }
  visualizations={
    Object {
      "data": Object {
        "appData": Object {
          "fromApp": false,
        },
        "defaultAxes": Object {
          "xaxis": Array [
            Object {
              "label": "span(timestamp,2h)",
              "name": "span(timestamp,2h)",
              "type": "timestamp",
            },
          ],
          "yaxis": Array [
            Object {
              "label": "max(bytes)",
              "name": "max(bytes)",
              "type": "long",
            },
            Object {
              "label": "avg(bytes)",
              "name": "avg(bytes)",
              "type": "double",
            },
          ],
        },
        "explorer": Object {
          "explorerData": Object {
            "jsonData": Array [
              Object {
                "avg(bytes)": 6219,
                "max(bytes)": 6219,
                "span(timestamp,2h)": "2022-04-10 00:00:00",
              },
              Object {
                "avg(bytes)": 4221.166666666667,
                "max(bytes)": 14113,
                "span(timestamp,2h)": "2022-04-10 02:00:00",
              },
              Object {
                "avg(bytes)": 6969.25,
                "max(bytes)": 9920,
                "span(timestamp,2h)": "2022-04-10 04:00:00",
              },
              Object {
                "avg(bytes)": 6329.371428571429,
                "max(bytes)": 15894,
                "span(timestamp,2h)": "2022-04-10 06:00:00",
              },
              Object {
                "avg(bytes)": 6245.709677419355,
                "max(bytes)": 19561,
                "span(timestamp,2h)": "2022-04-10 08:00:00",
              },
            ],
            "jsonDataAll": Array [
              Object {
                "agent": "Mozilla/5.0 (X11; Linux x86_64; rv:6.0a1) Gecko/20110421 Firefox/6.0a1",
                "bytes": 6219,
                "clientip": "223.87.60.27",
                "event": "{\\"dataset\\":\\"sample_web_logs\\"}",
                "extension": "deb",
                "geo": "{\\"srcdest\\":\\"IN:US\\",\\"src\\":\\"IN\\",\\"coordinates\\":{\\"lat\\":39.41042861,\\"lon\\":-88.8454325},\\"dest\\":\\"US\\"}",
                "host": "artifacts.opensearch.org",
                "index": "opensearch_dashboards_sample_data_logs",
                "ip": "223.87.60.27",
                "machine": "{\\"os\\":\\"win 8\\",\\"ram\\":8589934592}",
                "memory": "null",
                "message": "223.87.60.27 - - [2018-07-22T00:39:02.912Z] \\"GET /opensearch/opensearch-1.0.0.deb_1 HTTP/1.1\\" 200 6219 \\"-\\" \\"Mozilla/5.0 (X11; Linux x86_64; rv:6.0a1) Gecko/20110421 Firefox/6.0a1\\"",
                "phpmemory": "null",
                "referer": "http://twitter.com/success/wendy-lawrence",
                "request": "/opensearch/opensearch-1.0.0.deb",
                "response": "200",
                "tags": "success",
                "timestamp": "2022-04-10 00:39:02.912",
                "url": "https://artifacts.opensearch.org/downloads/opensearch/opensearch-1.0.0.deb_1",
                "utc_time": "2022-04-10 00:39:02.912",
              },
              Object {
                "agent": "Mozilla/5.0 (X11; Linux x86_64; rv:6.0a1) Gecko/20110421 Firefox/6.0a1",
                "bytes": 6850,
                "clientip": "130.246.123.197",
                "event": "{\\"dataset\\":\\"sample_web_logs\\"}",
                "extension": "",
                "geo": "{\\"srcdest\\":\\"JP:IN\\",\\"src\\":\\"JP\\",\\"coordinates\\":{\\"lat\\":38.58338806,\\"lon\\":-86.46248778},\\"dest\\":\\"IN\\"}",
                "host": "www.opensearch.org",
                "index": "opensearch_dashboards_sample_data_logs",
                "ip": "130.246.123.197",
                "machine": "{\\"os\\":\\"win 8\\",\\"ram\\":3221225472}",
                "memory": "null",
                "message": "130.246.123.197 - - [2018-07-22T03:26:21.326Z] \\"GET /beats/metricbeat_1 HTTP/1.1\\" 200 6850 \\"-\\" \\"Mozilla/5.0 (X11; Linux x86_64; rv:6.0a1) Gecko/20110421 Firefox/6.0a1\\"",
                "phpmemory": "null",
                "referer": "http://www.opensearch-opensearch-opensearch.com/success/james-mcdivitt",
                "request": "/beats/metricbeat",
                "response": "200",
                "tags": "success",
                "timestamp": "2022-04-10 03:26:21.326",
                "url": "https://www.opensearch.org/downloads/beats/metricbeat_1",
                "utc_time": "2022-04-10 03:26:21.326",
              },
              Object {
                "agent": "Mozilla/5.0 (X11; Linux i686) AppleWebKit/534.24 (KHTML, like Gecko) Chrome/11.0.696.50 Safari/534.24",
                "bytes": 0,
                "clientip": "120.49.143.213",
                "event": "{\\"dataset\\":\\"sample_web_logs\\"}",
                "extension": "css",
                "geo": "{\\"srcdest\\":\\"CO:DE\\",\\"src\\":\\"CO\\",\\"coordinates\\":{\\"lat\\":36.96015,\\"lon\\":-78.18499861},\\"dest\\":\\"DE\\"}",
                "host": "cdn.opensearch-opensearch-opensearch.org",
                "index": "opensearch_dashboards_sample_data_logs",
                "ip": "120.49.143.213",
                "machine": "{\\"os\\":\\"ios\\",\\"ram\\":20401094656}",
                "memory": "null",
                "message": "120.49.143.213 - - [2018-07-22T03:30:25.131Z] \\"GET /styles/main.css_1 HTTP/1.1\\" 503 0 \\"-\\" \\"Mozilla/5.0 (X11; Linux i686) AppleWebKit/534.24 (KHTML, like Gecko) Chrome/11.0.696.50 Safari/534.24\\"",
                "phpmemory": "null",
                "referer": "http://twitter.com/success/konstantin-feoktistov",
                "request": "/styles/main.css",
                "response": "503",
                "tags": "success",
                "timestamp": "2022-04-10 03:30:25.131",
                "url": "https://cdn.opensearch-opensearch-opensearch.org/styles/main.css_1",
                "utc_time": "2022-04-10 03:30:25.131",
              },
              Object {
                "agent": "Mozilla/4.0 (compatible; MSIE 6.0; Windows NT 5.1; SV1; .NET CLR 1.1.4322)",
                "bytes": 14113,
                "clientip": "99.74.118.237",
                "event": "{\\"dataset\\":\\"sample_web_logs\\"}",
                "extension": "deb",
                "geo": "{\\"srcdest\\":\\"LK:IN\\",\\"src\\":\\"LK\\",\\"coordinates\\":{\\"lat\\":48.31140472,\\"lon\\":-114.2550694},\\"dest\\":\\"IN\\"}",
                "host": "artifacts.opensearch.org",
                "index": "opensearch_dashboards_sample_data_logs",
                "ip": "99.74.118.237",
                "machine": "{\\"os\\":\\"ios\\",\\"ram\\":11811160064}",
                "memory": "null",
                "message": "99.74.118.237 - - [2018-07-22T03:34:43.399Z] \\"GET /beats/metricbeat/metricbeat-6.3.2-amd64.deb_1 HTTP/1.1\\" 200 14113 \\"-\\" \\"Mozilla/4.0 (compatible; MSIE 6.0; Windows NT 5.1; SV1; .NET CLR 1.1.4322)\\"",
                "phpmemory": "null",
                "referer": "http://www.opensearch-opensearch-opensearch.com/success/charles-camarda",
                "request": "/beats/metricbeat/metricbeat-6.3.2-amd64.deb",
                "response": "200",
                "tags": "success",
                "timestamp": "2022-04-10 03:34:43.399",
                "url": "https://artifacts.opensearch.org/downloads/beats/metricbeat/metricbeat-6.3.2-amd64.deb_1",
                "utc_time": "2022-04-10 03:34:43.399",
              },
              Object {
                "agent": "Mozilla/4.0 (compatible; MSIE 6.0; Windows NT 5.1; SV1; .NET CLR 1.1.4322)",
                "bytes": 2492,
                "clientip": "177.111.217.54",
                "event": "{\\"dataset\\":\\"sample_web_logs\\"}",
                "extension": "",
                "geo": "{\\"srcdest\\":\\"MZ:US\\",\\"src\\":\\"MZ\\",\\"coordinates\\":{\\"lat\\":46.77917333,\\"lon\\":-105.3047083},\\"dest\\":\\"US\\"}",
                "host": "www.opensearch.org",
                "index": "opensearch_dashboards_sample_data_logs",
                "ip": "177.111.217.54",
                "machine": "{\\"os\\":\\"win 7\\",\\"ram\\":9663676416}",
                "memory": "null",
                "message": "177.111.217.54 - - [2018-07-22T03:37:04.863Z] \\"GET /enterprise_1 HTTP/1.1\\" 200 2492 \\"-\\" \\"Mozilla/4.0 (compatible; MSIE 6.0; Windows NT 5.1; SV1; .NET CLR 1.1.4322)\\"",
                "phpmemory": "null",
                "referer": "http://twitter.com/success/gregory-harbaugh",
                "request": "/enterprise",
                "response": "200",
                "tags": "success",
                "timestamp": "2022-04-10 03:37:04.863",
                "url": "https://www.opensearch.org/downloads/enterprise_1",
                "utc_time": "2022-04-10 03:37:04.863",
              },
            ],
          },
          "query": Object {},
        },
        "indexFields": Object {
          "availableFields": Array [
            Object {
              "name": "agent",
              "type": "string",
            },
            Object {
              "name": "bytes",
              "type": "long",
            },
            Object {
              "name": "clientip",
              "type": "ip",
            },
            Object {
              "name": "event",
              "type": "struct",
            },
            Object {
              "name": "extension",
              "type": "string",
            },
            Object {
              "name": "geo",
              "type": "struct",
            },
            Object {
              "name": "host",
              "type": "string",
            },
            Object {
              "name": "index",
              "type": "string",
            },
            Object {
              "name": "ip",
              "type": "ip",
            },
            Object {
              "name": "machine",
              "type": "struct",
            },
            Object {
              "name": "memory",
              "type": "double",
            },
            Object {
              "name": "message",
              "type": "string",
            },
            Object {
              "name": "phpmemory",
              "type": "long",
            },
            Object {
              "name": "referer",
              "type": "string",
            },
            Object {
              "name": "request",
              "type": "string",
            },
            Object {
              "name": "response",
              "type": "string",
            },
            Object {
              "name": "tags",
              "type": "string",
            },
            Object {
              "name": "timestamp",
              "type": "timestamp",
            },
            Object {
              "name": "url",
              "type": "string",
            },
            Object {
              "name": "utc_time",
              "type": "timestamp",
            },
          ],
          "queriedFields": Array [
            Object {
              "name": "double_per_ip_bytes",
              "type": "long",
            },
            Object {
              "name": "host",
              "type": "text",
            },
            Object {
              "name": "ip_count",
              "type": "integer",
            },
            Object {
              "name": "per_ip_bytes",
              "type": "long",
            },
            Object {
              "name": "resp_code",
              "type": "text",
            },
            Object {
              "name": "sum_bytes",
              "type": "long",
            },
          ],
          "selectedFields": Array [],
          "unselectedFields": Array [],
        },
        "query": Object {},
        "rawVizData": Object {
          "data": Object {
            "avg(bytes)": Array [
              6219,
              4221.166666666667,
              6969.25,
              6329.371428571429,
              6245.709677419355,
            ],
            "max(bytes)": Array [
              6219,
              14113,
              9920,
              15894,
              19561,
            ],
            "span(timestamp,2h)": Array [
              "2022-04-10 00:00:00",
              "2022-04-10 02:00:00",
              "2022-04-10 04:00:00",
              "2022-04-10 06:00:00",
              "2022-04-10 08:00:00",
            ],
          },
          "jsonData": Array [
            Object {
              "avg(bytes)": 6219,
              "max(bytes)": 6219,
              "span(timestamp,2h)": "2022-04-10 00:00:00",
            },
            Object {
              "avg(bytes)": 4221.166666666667,
              "max(bytes)": 14113,
              "span(timestamp,2h)": "2022-04-10 02:00:00",
            },
            Object {
              "avg(bytes)": 6969.25,
              "max(bytes)": 9920,
              "span(timestamp,2h)": "2022-04-10 04:00:00",
            },
            Object {
              "avg(bytes)": 6329.371428571429,
              "max(bytes)": 15894,
              "span(timestamp,2h)": "2022-04-10 06:00:00",
            },
            Object {
              "avg(bytes)": 6245.709677419355,
              "max(bytes)": 19561,
              "span(timestamp,2h)": "2022-04-10 08:00:00",
            },
          ],
          "metadata": Object {
            "fields": Array [
              Object {
                "name": "max(bytes)",
                "type": "long",
              },
              Object {
                "name": "avg(bytes)",
                "type": "double",
              },
              Object {
                "name": "span(timestamp,2h)",
                "type": "timestamp",
              },
            ],
          },
          "size": 5,
          "status": 200,
        },
        "userConfigs": Object {
          "dataConfig": Object {
            "chartStyles": Object {
              "color": Object {
                "color": "#6092C0",
                "name": "singleColor",
              },
              "fillOpacity": "71",
              "interpolation": "linear",
              "labelSize": "10",
              "lineWidth": "4",
              "pointSize": "12",
              "rotateLabels": "36",
              "style": "lines",
            },
            "dimensions": Array [],
            "series": Array [
              Object {
                "aggregation": "max",
                "customLabel": "",
                "label": "bytes",
                "name": "bytes",
              },
              Object {
                "aggregation": "avg",
                "customLabel": "",
                "label": "bytes",
                "name": "bytes",
              },
            ],
            "span": Object {
              "interval": "2",
              "time_field": Array [
                Object {
                  "label": "timestamp",
                  "name": "timestamp",
                  "type": "timestamp",
                },
              ],
              "unit": Array [
                Object {
                  "label": "Hour",
                  "text": "Hour",
                  "value": "h",
                },
              ],
            },
          },
        },
      },
      "vis": Object {
        "category": "Visualizations",
        "categoryaxis": "xaxis",
        "component": [Function],
        "editorconfig": Object {
          "panelTabs": Array [
            Object {
              "editor": [Function],
              "id": "data-panel",
              "mapTo": "dataConfig",
              "name": "Style",
              "sections": Array [
                Object {
                  "editor": [Function],
                  "id": "legend",
                  "mapTo": "legend",
                  "name": "Legend",
                  "schemas": Array [
                    Object {
                      "component": null,
                      "mapTo": "showLegend",
                      "name": "Show legend",
                      "props": Object {
                        "defaultSelections": Array [
                          Object {
                            "id": "show",
                            "name": "Show",
                          },
                        ],
                        "options": Array [
                          Object {
                            "id": "show",
                            "name": "Show",
                          },
                          Object {
                            "id": "hidden",
                            "name": "Hidden",
                          },
                        ],
                      },
                    },
                    Object {
                      "component": null,
                      "mapTo": "position",
                      "name": "Position",
                      "props": Object {
                        "defaultSelections": Array [
                          Object {
                            "id": "v",
                            "name": "Right",
                          },
                        ],
                        "options": Array [
                          Object {
                            "id": "v",
                            "name": "Right",
                          },
                          Object {
                            "id": "h",
                            "name": "Bottom",
                          },
                        ],
                      },
                    },
                    Object {
                      "component": [Function],
                      "eleType": "input",
                      "mapTo": "legendSize",
                      "name": "Legend size",
                      "title": "Legend size",
                    },
                  ],
                },
                Object {
                  "editor": [Function],
                  "id": "tooltip_options",
                  "mapTo": "tooltipOptions",
                  "name": "Tooltip options",
                  "schemas": Array [
                    Object {
                      "component": null,
                      "mapTo": "tooltipMode",
                      "name": "Tooltip mode",
                      "props": Object {
                        "defaultSelections": Array [
                          Object {
                            "id": "show",
                            "name": "Show",
                          },
                        ],
                        "options": Array [
                          Object {
                            "id": "show",
                            "name": "Show",
                          },
                          Object {
                            "id": "hidden",
                            "name": "Hidden",
                          },
                        ],
                      },
                    },
                    Object {
                      "component": null,
                      "mapTo": "tooltipText",
                      "name": "Tooltip text",
                      "props": Object {
                        "defaultSelections": Array [
                          Object {
                            "id": "all",
                            "name": "All",
                          },
                        ],
                        "options": Array [
                          Object {
                            "id": "all",
                            "name": "All",
                          },
                          Object {
                            "id": "x",
                            "name": "Dimension",
                          },
                          Object {
                            "id": "y",
                            "name": "Series",
                          },
                        ],
                      },
                    },
                  ],
                },
                Object {
                  "editor": [Function],
                  "id": "chart_styles",
                  "mapTo": "chartStyles",
                  "name": "Chart styles",
                  "schemas": Array [
                    Object {
                      "component": [Function],
                      "eleType": "buttons",
                      "mapTo": "style",
                      "name": "Mode",
                      "props": Object {
                        "defaultSelections": Array [
                          Object {
                            "id": "markers",
                            "name": "Marker",
                          },
                        ],
                        "options": Array [
                          Object {
                            "id": "lines",
                            "name": "Lines",
                          },
                          Object {
                            "id": "markers",
                            "name": "Marker",
                          },
                          Object {
                            "id": "lines+markers",
                            "name": "Lines + Markers",
                          },
                        ],
                      },
                    },
                    Object {
                      "component": [Function],
                      "eleType": "buttons",
                      "mapTo": "interpolation",
                      "name": "Interpolation",
                      "props": Object {
                        "defaultSelections": Array [
                          Object {
                            "id": "spline",
                            "name": "Smooth",
                          },
                        ],
                        "options": Array [
                          Object {
                            "id": "linear",
                            "name": "Linear",
                          },
                          Object {
                            "id": "spline",
                            "name": "Smooth",
                          },
                          Object {
                            "id": "hv",
                            "name": "Step before",
                          },
                          Object {
                            "id": "vh",
                            "name": "Step after",
                          },
                        ],
                      },
                    },
                    Object {
                      "component": [Function],
                      "defaultState": 2,
                      "eleType": "slider",
                      "mapTo": "lineWidth",
                      "name": "Line width",
                      "props": Object {
                        "max": 10,
                      },
                    },
                    Object {
                      "component": [Function],
                      "defaultState": 70,
                      "eleType": "slider",
                      "mapTo": "fillOpacity",
                      "name": "Fill opacity",
                      "props": Object {
                        "max": 100,
                      },
                    },
                    Object {
                      "component": [Function],
                      "defaultState": 5,
                      "eleType": "slider",
                      "mapTo": "pointSize",
                      "name": "Point size",
                      "props": Object {
                        "max": 40,
                      },
                    },
                    Object {
                      "component": [Function],
                      "eleType": "input",
                      "mapTo": "labelSize",
                      "name": "Label size",
                      "title": "Label size",
                    },
                    Object {
                      "component": [Function],
                      "defaultState": 0,
                      "eleType": "slider",
                      "mapTo": "rotateLabels",
                      "name": "Rotate labels",
                      "props": Object {
                        "max": 90,
                        "min": -90,
                        "showTicks": true,
                        "ticks": Array [
                          Object {
                            "label": "-90°",
                            "value": -90,
                          },
                          Object {
                            "label": "-45°",
                            "value": -45,
                          },
                          Object {
                            "label": "0°",
                            "value": 0,
                          },
                          Object {
                            "label": "45°",
                            "value": 45,
                          },
                          Object {
                            "label": "90°",
                            "value": 90,
                          },
                        ],
                      },
                    },
                  ],
                },
                Object {
                  "editor": [Function],
                  "id": "yaxis-side",
                  "mapTo": "seriesPosition",
                  "name": "Series label position",
                  "schemas": Array [],
                },
                Object {
                  "editor": [Function],
                  "id": "color-theme",
                  "mapTo": "colorTheme",
                  "name": "Color theme",
                  "schemas": Array [],
                },
                Object {
                  "defaultState": Array [],
                  "editor": [Function],
                  "id": "thresholds",
                  "mapTo": "thresholds",
                  "name": "Thresholds",
                  "schemas": Array [],
                },
              ],
            },
            Object {
              "editor": [Function],
              "id": "availability-panel",
              "mapTo": "availabilityConfig",
              "name": "Availability",
            },
          ],
        },
        "fulllabel": "Scatter",
        "icon": [Function],
        "icontype": "visLine",
        "id": undefined,
        "label": "Scatter",
        "name": undefined,
        "selection": Object {
          "dataLoss": "nothing",
        },
        "seriesaxis": "yaxis",
        "type": undefined,
        "visconfig": Object {
          "config": Object {
            "barmode": undefined,
            "displaylogo": false,
            "responsive": true,
            "xaxis": Object {
              "automargin": true,
            },
            "yaxis": Object {
              "automargin": true,
            },
          },
          "layout": Object {
            "colorway": Array [
              "#3CA1C7",
              "#8C55A3",
              "#DB748A",
              "#F2BE4B",
              "#68CCC2",
              "#2A7866",
              "#843769",
              "#374FB8",
              "#BD6F26",
              "#4C636F",
            ],
            "height": 1180,
            "legend": Object {
              "orientation": "v",
              "traceorder": "normal",
            },
            "margin": Object {
              "b": 30,
              "l": 60,
              "pad": 0,
              "r": 30,
              "t": 50,
            },
            "paper_bgcolor": "rgba(0, 0, 0, 0)",
            "plot_bgcolor": "rgba(0, 0, 0, 0)",
            "showlegend": true,
            "xaxis": Object {
              "fixedrange": true,
              "showgrid": false,
              "visible": true,
            },
            "yaxis": Object {
              "fixedrange": true,
              "showgrid": false,
              "visible": true,
            },
          },
        },
      },
    }
  }
>
  <Plt
    config={Object {}}
    data={
      Array [
        Object {
          "fill": "tozeroy",
          "fillcolor": "rgba(60,161,199,0.355)",
          "hoverinfo": "all",
          "line": Object {
            "color": "#3CA1C7",
            "shape": "linear",
            "width": "4",
          },
          "marker": Object {
            "color": "rgba(60,161,199,0.355)",
            "line": Object {
              "color": "#3CA1C7",
              "width": "4",
            },
            "size": "12",
          },
          "mode": "lines",
          "name": "max(bytes)",
          "type": "line",
          "x": Array [
            "2022-04-10 00:00:00",
            "2022-04-10 02:00:00",
            "2022-04-10 04:00:00",
            "2022-04-10 06:00:00",
            "2022-04-10 08:00:00",
          ],
          "y": Array [
            6219,
            14113,
            9920,
            15894,
            19561,
          ],
        },
        Object {
          "fill": "tozeroy",
          "fillcolor": "rgba(140,85,163,0.355)",
          "hoverinfo": "all",
          "line": Object {
            "color": "#8C55A3",
            "shape": "linear",
            "width": "4",
          },
          "marker": Object {
            "color": "rgba(140,85,163,0.355)",
            "line": Object {
              "color": "#8C55A3",
              "width": "4",
            },
            "size": "12",
          },
          "mode": "lines",
          "name": "avg(bytes)",
          "type": "line",
          "x": Array [
            "2022-04-10 00:00:00",
            "2022-04-10 02:00:00",
            "2022-04-10 04:00:00",
            "2022-04-10 06:00:00",
            "2022-04-10 08:00:00",
          ],
          "y": Array [
            6219,
            4221.166666666667,
            6969.25,
            6329.371428571429,
            6245.709677419355,
          ],
          "yaxis": "y2",
        },
        Object {
          "mode": "text",
          "showlegend": false,
          "text": Array [],
          "x": Array [],
          "y": Array [],
        },
      ]
    }
    layout={
      Object {
        "autosize": true,
        "colorway": Array [
          "#8C55A3",
        ],
        "height": 220,
        "legend": Object {
          "orientation": "v",
        },
        "margin": Object {
          "b": 30,
          "l": 30,
          "pad": 4,
          "r": 5,
          "t": 50,
        },
        "shapes": Array [],
        "showlegend": true,
        "title": "",
        "xaxis": Object {
          "automargin": true,
          "tickangle": "36",
          "tickfont": Object {
            "size": "10",
          },
        },
        "yaxis": Object {
          "automargin": true,
          "side": "left",
          "tickfont": Object {
            "color": "#3CA1C7",
            "size": "10",
          },
          "titlefont": Object {
            "color": "#3CA1C7",
          },
        },
        "yaxis2": Object {
          "automargin": true,
          "overlaying": "y",
          "side": "left",
          "tickfont": Object {
            "color": "#8C55A3",
            "size": "10",
          },
          "titlefont": Object {
            "color": "#8C55A3",
          },
        },
      }
    }
  >
    <PlotlyComponent
      config={
        Object {
          "displayModeBar": false,
        }
      }
      data={
        Array [
          Object {
            "fill": "tozeroy",
            "fillcolor": "rgba(60,161,199,0.355)",
            "hoverinfo": "all",
            "line": Object {
              "color": "#3CA1C7",
              "shape": "linear",
              "width": "4",
            },
            "marker": Object {
              "color": "rgba(60,161,199,0.355)",
              "line": Object {
                "color": "#3CA1C7",
                "width": "4",
              },
              "size": "12",
            },
            "mode": "lines",
            "name": "max(bytes)",
            "type": "line",
            "x": Array [
              "2022-04-10 00:00:00",
              "2022-04-10 02:00:00",
              "2022-04-10 04:00:00",
              "2022-04-10 06:00:00",
              "2022-04-10 08:00:00",
            ],
            "y": Array [
              6219,
              14113,
              9920,
              15894,
              19561,
            ],
          },
          Object {
            "fill": "tozeroy",
            "fillcolor": "rgba(140,85,163,0.355)",
            "hoverinfo": "all",
            "line": Object {
              "color": "#8C55A3",
              "shape": "linear",
              "width": "4",
            },
            "marker": Object {
              "color": "rgba(140,85,163,0.355)",
              "line": Object {
                "color": "#8C55A3",
                "width": "4",
              },
              "size": "12",
            },
            "mode": "lines",
            "name": "avg(bytes)",
            "type": "line",
            "x": Array [
              "2022-04-10 00:00:00",
              "2022-04-10 02:00:00",
              "2022-04-10 04:00:00",
              "2022-04-10 06:00:00",
              "2022-04-10 08:00:00",
            ],
            "y": Array [
              6219,
              4221.166666666667,
              6969.25,
              6329.371428571429,
              6245.709677419355,
            ],
            "yaxis": "y2",
          },
          Object {
            "mode": "text",
            "showlegend": false,
            "text": Array [],
            "x": Array [],
            "y": Array [],
          },
        ]
      }
      debug={false}
      divId="explorerPlotComponent"
      layout={
        Object {
          "autosize": true,
          "barmode": "stack",
          "colorway": Array [
            "#8C55A3",
          ],
          "height": 220,
          "hovermode": "closest",
          "legend": Object {
            "orientation": "v",
          },
          "margin": Object {
            "b": 30,
            "l": 30,
            "pad": 4,
            "r": 5,
            "t": 50,
          },
          "shapes": Array [],
          "showlegend": true,
          "title": "",
          "xaxis": Object {
            "automargin": true,
            "tickangle": "36",
            "tickfont": Object {
              "size": "10",
            },
          },
          "yaxis": Object {
            "automargin": true,
            "side": "left",
            "tickfont": Object {
              "color": "#3CA1C7",
              "size": "10",
            },
            "titlefont": Object {
              "color": "#3CA1C7",
            },
          },
          "yaxis2": Object {
            "automargin": true,
            "overlaying": "y",
            "side": "left",
            "tickfont": Object {
              "color": "#8C55A3",
              "size": "10",
            },
            "titlefont": Object {
              "color": "#8C55A3",
            },
          },
        }
      }
      style={
        Object {
          "height": "100%",
          "width": "100%",
        }
      }
      useResizeHandler={true}
    >
      <div
        id="explorerPlotComponent"
        style={
          Object {
            "height": "100%",
            "width": "100%",
          }
        }
      />
    </PlotlyComponent>
  </Plt>
</Line>
`;
